{"synthetic": false,
 "schemaVersion": "2025-09-10",
 "outputs":
 {"o": ["91d4b02e5df73177.olean"],
  "m": false,
  "i": "8133a8e6d74ffc92.ilean",
  "c": "f75ae6e862aa8a57.c"},
 "log":
 [{"message":
   ".> LEAN_PATH=C:\\Users\\badbu\\Documents\\github\\UIDT-Framework-V3.9-UNIVERSUM_SIM\\verification\\antigravit2\\.lake\\packages\\Cli\\.lake\\build\\lib\\lean;C:\\Users\\badbu\\Documents\\github\\UIDT-Framework-V3.9-UNIVERSUM_SIM\\verification\\antigravit2\\.lake\\packages\\batteries\\.lake\\build\\lib\\lean;C:\\Users\\badbu\\Documents\\github\\UIDT-Framework-V3.9-UNIVERSUM_SIM\\verification\\antigravit2\\.lake\\packages\\Qq\\.lake\\build\\lib\\lean;C:\\Users\\badbu\\Documents\\github\\UIDT-Framework-V3.9-UNIVERSUM_SIM\\verification\\antigravit2\\.lake\\packages\\aesop\\.lake\\build\\lib\\lean;C:\\Users\\badbu\\Documents\\github\\UIDT-Framework-V3.9-UNIVERSUM_SIM\\verification\\antigravit2\\.lake\\packages\\proofwidgets\\.lake\\build\\lib\\lean;C:\\Users\\badbu\\Documents\\github\\UIDT-Framework-V3.9-UNIVERSUM_SIM\\verification\\antigravit2\\.lake\\packages\\importGraph\\.lake\\build\\lib\\lean;C:\\Users\\badbu\\Documents\\github\\UIDT-Framework-V3.9-UNIVERSUM_SIM\\verification\\antigravit2\\.lake\\packages\\LeanSearchClient\\.lake\\build\\lib\\lean;C:\\Users\\badbu\\Documents\\github\\UIDT-Framework-V3.9-UNIVERSUM_SIM\\verification\\antigravit2\\.lake\\packages\\plausible\\.lake\\build\\lib\\lean;C:\\Users\\badbu\\Documents\\github\\UIDT-Framework-V3.9-UNIVERSUM_SIM\\verification\\antigravit2\\.lake\\packages\\mathlib\\.lake\\build\\lib\\lean;C:\\Users\\badbu\\Documents\\github\\UIDT-Framework-V3.9-UNIVERSUM_SIM\\verification\\antigravit2\\.lake\\build\\lib\\lean c:\\Users\\badbu\\.elan\\toolchains\\leanprover--lean4---v4.32.0-rc1\\bin\\lean.exe C:\\Users\\badbu\\Documents\\github\\UIDT-Framework-V3.9-UNIVERSUM_SIM\\verification\\antigravit2\\src\\Antigravit2.lean -o C:\\Users\\badbu\\Documents\\github\\UIDT-Framework-V3.9-UNIVERSUM_SIM\\verification\\antigravit2\\.lake\\build\\lib\\lean\\Antigravit2.olean -i C:\\Users\\badbu\\Documents\\github\\UIDT-Framework-V3.9-UNIVERSUM_SIM\\verification\\antigravit2\\.lake\\build\\lib\\lean\\Antigravit2.ilean -c C:\\Users\\badbu\\Documents\\github\\UIDT-Framework-V3.9-UNIVERSUM_SIM\\verification\\antigravit2\\.lake\\build\\ir\\Antigravit2.c --setup C:\\Users\\badbu\\Documents\\github\\UIDT-Framework-V3.9-UNIVERSUM_SIM\\verification\\antigravit2\\.lake\\build\\ir\\Antigravit2.setup.json --json",
   "level": "trace"}],
 "inputs":
 [["Antigravit2:deps",
   [["deps",
     [["antigravit2/Antigravit2:extraDep",
       [["@antigravit2:extraDep", "00000000000006bb"]]],
      ["imports",
       [["Antigravit2.MatrixThermo.BlockPartition transitive imports (legacy)",
         "918cde957772d97b"],
        ["Antigravit2.MatrixThermo.BlockPartition:importAllArts",
         "16bfb0d212bf29e8"],
        ["Antigravit2.NCG.RealStructure transitive imports (legacy)",
         "3910ca61f9afc3ea"],
        ["Antigravit2.NCG.RealStructure:importAllArts", "e086b224b86fe006"],
        ["Antigravit2.NCG.SpectralTriple transitive imports (legacy)",
         "c49450c0aea75914"],
        ["Antigravit2.NCG.SpectralTriple:importAllArts", "4f7fa0e9e4437cd1"],
        ["Antigravit2.NCG.Bridge transitive imports (legacy)",
         "0f6bfe8e6401b8ba"],
        ["Antigravit2.NCG.Bridge:importAllArts", "cd479518f9ffb3a0"],
        ["Antigravit2.NCG.SorryRegister transitive imports (legacy)",
         "00000000000006bb"],
        ["Antigravit2.NCG.SorryRegister:importAllArts", "4de2e945e33229b3"],
        ["Antigravit2.NCG.AxiomAudit transitive imports (legacy)",
         "f7209c22c3c52c6f"],
        ["Antigravit2.NCG.AxiomAudit:importAllArts", "8a5dad216551ceca"]]]]],
    ["libs",
     [["import dynlibs", "00000000000006bb"],
      ["package external libraries", "00000000000006bb"],
      ["module dynlibs", "00000000000006bb"],
      ["module plugins", "00000000000006bb"]]]]],
  ["Lean 4.32.0, commit b4812ae53eea93439ad5dce5a5c26591c31cb697",
   "9f30fb205c97627b"],
  ["C:\\Users\\badbu\\Documents\\github\\UIDT-Framework-V3.9-UNIVERSUM_SIM\\verification\\antigravit2\\src\\Antigravit2.lean",
   "5cf3cfbd7a52d0cd"],
  ["options", [["-DautoImplicit=false", "4a85acb881fd49d0"]]],
  ["isModule: false", "feefd2a0d3a1847e"],
  ["Module.name: Antigravit2", "98bbfc2d624f1f15"],
  ["Package.id?: (some antigravit2)", "4ca2ed26ad21a482"],
  ["Module.leanArgs: #[]", "00000000000006bb"]],
 "depHash": "c6343968655f0efe"}