{"synthetic": false,
 "schemaVersion": "2025-09-10",
 "outputs":
 {"o": ["8dd71c643b05f60c.olean"],
  "m": false,
  "i": "246683ffb4effbca.ilean",
  "c": "344edbb090739c4d.c"},
 "log":
 [{"message":
   ".> LEAN_PATH=C:\\Users\\badbu\\Documents\\github\\UIDT-Framework-V3.9-UNIVERSUM_SIM\\verification\\antigravit2\\.lake\\packages\\Cli\\.lake\\build\\lib\\lean;C:\\Users\\badbu\\Documents\\github\\UIDT-Framework-V3.9-UNIVERSUM_SIM\\verification\\antigravit2\\.lake\\packages\\batteries\\.lake\\build\\lib\\lean;C:\\Users\\badbu\\Documents\\github\\UIDT-Framework-V3.9-UNIVERSUM_SIM\\verification\\antigravit2\\.lake\\packages\\Qq\\.lake\\build\\lib\\lean;C:\\Users\\badbu\\Documents\\github\\UIDT-Framework-V3.9-UNIVERSUM_SIM\\verification\\antigravit2\\.lake\\packages\\aesop\\.lake\\build\\lib\\lean;C:\\Users\\badbu\\Documents\\github\\UIDT-Framework-V3.9-UNIVERSUM_SIM\\verification\\antigravit2\\.lake\\packages\\proofwidgets\\.lake\\build\\lib\\lean;C:\\Users\\badbu\\Documents\\github\\UIDT-Framework-V3.9-UNIVERSUM_SIM\\verification\\antigravit2\\.lake\\packages\\importGraph\\.lake\\build\\lib\\lean;C:\\Users\\badbu\\Documents\\github\\UIDT-Framework-V3.9-UNIVERSUM_SIM\\verification\\antigravit2\\.lake\\packages\\LeanSearchClient\\.lake\\build\\lib\\lean;C:\\Users\\badbu\\Documents\\github\\UIDT-Framework-V3.9-UNIVERSUM_SIM\\verification\\antigravit2\\.lake\\packages\\plausible\\.lake\\build\\lib\\lean;C:\\Users\\badbu\\Documents\\github\\UIDT-Framework-V3.9-UNIVERSUM_SIM\\verification\\antigravit2\\.lake\\packages\\mathlib\\.lake\\build\\lib\\lean;C:\\Users\\badbu\\Documents\\github\\UIDT-Framework-V3.9-UNIVERSUM_SIM\\verification\\antigravit2\\.lake\\build\\lib\\lean c:\\Users\\badbu\\.elan\\toolchains\\leanprover--lean4---v4.32.0-rc1\\bin\\lean.exe C:\\Users\\badbu\\Documents\\github\\UIDT-Framework-V3.9-UNIVERSUM_SIM\\verification\\antigravit2\\src\\Antigravit2\\NCG\\AxiomAudit.lean -o C:\\Users\\badbu\\Documents\\github\\UIDT-Framework-V3.9-UNIVERSUM_SIM\\verification\\antigravit2\\.lake\\build\\lib\\lean\\Antigravit2\\NCG\\AxiomAudit.olean -i C:\\Users\\badbu\\Documents\\github\\UIDT-Framework-V3.9-UNIVERSUM_SIM\\verification\\antigravit2\\.lake\\build\\lib\\lean\\Antigravit2\\NCG\\AxiomAudit.ilean -c C:\\Users\\badbu\\Documents\\github\\UIDT-Framework-V3.9-UNIVERSUM_SIM\\verification\\antigravit2\\.lake\\build\\ir\\Antigravit2\\NCG\\AxiomAudit.c --setup C:\\Users\\badbu\\Documents\\github\\UIDT-Framework-V3.9-UNIVERSUM_SIM\\verification\\antigravit2\\.lake\\build\\ir\\Antigravit2\\NCG\\AxiomAudit.setup.json --json",
   "level": "trace"},
  {"message":
   "src/Antigravit2/NCG/AxiomAudit.lean:23:0: 'Antigravit2.NCG.reality_JJ' depends on axioms: [propext, Classical.choice, Quot.sound]",
   "level": "info"},
  {"message":
   "src/Antigravit2/NCG/AxiomAudit.lean:24:0: 'Antigravit2.NCG.toSignature_totalDim' depends on axioms: [propext]",
   "level": "info"},
  {"message":
   "src/Antigravit2/NCG/AxiomAudit.lean:25:0: 'Antigravit2.MatrixThermo.entropyList_replicate_one' depends on axioms: [propext, Quot.sound]",
   "level": "info"},
  {"message":
   "src/Antigravit2/NCG/AxiomAudit.lean:26:0: 'Antigravit2.NCG.trivialRealStruct' depends on axioms: [propext, Classical.choice, Quot.sound]",
   "level": "info"},
  {"message":
   "src/Antigravit2/NCG/AxiomAudit.lean:29:0: 'Antigravit2.NCG.trivialFiniteAlgebra' depends on axioms: [propext, Classical.choice, Quot.sound]",
   "level": "info"},
  {"message":
   "src/Antigravit2/NCG/AxiomAudit.lean:30:0: 'Antigravit2.NCG.KrajewskiDiagram.empty' depends on axioms: [propext, Classical.choice, Quot.sound]",
   "level": "info"}],
 "inputs":
 [["Antigravit2.NCG.AxiomAudit:deps",
   [["deps",
     [["antigravit2/Antigravit2:extraDep",
       [["@antigravit2:extraDep", "00000000000006bb"]]],
      ["imports",
       [["Antigravit2.NCG.SpectralTriple transitive imports (legacy)",
         "c49450c0aea75914"],
        ["Antigravit2.NCG.SpectralTriple:importAllArts", "4f7fa0e9e4437cd1"],
        ["Antigravit2.NCG.RealStructure transitive imports (legacy)",
         "3910ca61f9afc3ea"],
        ["Antigravit2.NCG.RealStructure:importAllArts", "e086b224b86fe006"],
        ["Antigravit2.NCG.Bridge transitive imports (legacy)",
         "0f6bfe8e6401b8ba"],
        ["Antigravit2.NCG.Bridge:importAllArts", "cd479518f9ffb3a0"],
        ["Antigravit2.MatrixThermo.BlockPartition transitive imports (legacy)",
         "918cde957772d97b"],
        ["Antigravit2.MatrixThermo.BlockPartition:importAllArts",
         "16bfb0d212bf29e8"],
        ["Antigravit2.NCG.FiniteAlgebra transitive imports (legacy)",
         "9aa9f2ce16fd2e1a"],
        ["Antigravit2.NCG.FiniteAlgebra:importAllArts", "a1846035d07601dc"],
        ["Antigravit2.NCG.Krajewski transitive imports (legacy)",
         "d613455eefece900"],
        ["Antigravit2.NCG.Krajewski:importAllArts", "9772af1ff89c85e1"]]]]],
    ["libs",
     [["import dynlibs", "00000000000006bb"],
      ["package external libraries", "00000000000006bb"],
      ["module dynlibs", "00000000000006bb"],
      ["module plugins", "00000000000006bb"]]]]],
  ["Lean 4.32.0, commit b4812ae53eea93439ad5dce5a5c26591c31cb697",
   "9f30fb205c97627b"],
  ["C:\\Users\\badbu\\Documents\\github\\UIDT-Framework-V3.9-UNIVERSUM_SIM\\verification\\antigravit2\\src\\Antigravit2\\NCG\\AxiomAudit.lean",
   "95927b11f1f5a7e5"],
  ["options", [["-DautoImplicit=false", "4a85acb881fd49d0"]]],
  ["isModule: false", "feefd2a0d3a1847e"],
  ["Module.name: Antigravit2.NCG.AxiomAudit", "552e166a6da6af6f"],
  ["Package.id?: (some antigravit2)", "4ca2ed26ad21a482"],
  ["Module.leanArgs: #[]", "00000000000006bb"]],
 "depHash": "bdbe28532b36983c"}