{"synthetic": false,
 "schemaVersion": "2025-09-10",
 "outputs":
 {"o": ["43320481cd9c1308.olean"],
  "m": false,
  "i": "e4eb3994e7db7192.ilean",
  "c": "d041edbc800ece4d.c"},
 "log":
 [{"message":
   ".> LEAN_PATH=C:\\Users\\badbu\\Documents\\github\\UIDT-Framework-V3.9-UNIVERSUM_SIM\\verification\\antigravit2\\.lake\\packages\\Cli\\.lake\\build\\lib\\lean;C:\\Users\\badbu\\Documents\\github\\UIDT-Framework-V3.9-UNIVERSUM_SIM\\verification\\antigravit2\\.lake\\packages\\batteries\\.lake\\build\\lib\\lean;C:\\Users\\badbu\\Documents\\github\\UIDT-Framework-V3.9-UNIVERSUM_SIM\\verification\\antigravit2\\.lake\\packages\\Qq\\.lake\\build\\lib\\lean;C:\\Users\\badbu\\Documents\\github\\UIDT-Framework-V3.9-UNIVERSUM_SIM\\verification\\antigravit2\\.lake\\packages\\aesop\\.lake\\build\\lib\\lean;C:\\Users\\badbu\\Documents\\github\\UIDT-Framework-V3.9-UNIVERSUM_SIM\\verification\\antigravit2\\.lake\\packages\\proofwidgets\\.lake\\build\\lib\\lean;C:\\Users\\badbu\\Documents\\github\\UIDT-Framework-V3.9-UNIVERSUM_SIM\\verification\\antigravit2\\.lake\\packages\\importGraph\\.lake\\build\\lib\\lean;C:\\Users\\badbu\\Documents\\github\\UIDT-Framework-V3.9-UNIVERSUM_SIM\\verification\\antigravit2\\.lake\\packages\\LeanSearchClient\\.lake\\build\\lib\\lean;C:\\Users\\badbu\\Documents\\github\\UIDT-Framework-V3.9-UNIVERSUM_SIM\\verification\\antigravit2\\.lake\\packages\\plausible\\.lake\\build\\lib\\lean;C:\\Users\\badbu\\Documents\\github\\UIDT-Framework-V3.9-UNIVERSUM_SIM\\verification\\antigravit2\\.lake\\packages\\mathlib\\.lake\\build\\lib\\lean;C:\\Users\\badbu\\Documents\\github\\UIDT-Framework-V3.9-UNIVERSUM_SIM\\verification\\antigravit2\\.lake\\build\\lib\\lean c:\\Users\\badbu\\.elan\\toolchains\\leanprover--lean4---v4.32.0-rc1\\bin\\lean.exe C:\\Users\\badbu\\Documents\\github\\UIDT-Framework-V3.9-UNIVERSUM_SIM\\verification\\antigravit2\\src\\Antigravit2\\NCG\\Bimodule.lean -o C:\\Users\\badbu\\Documents\\github\\UIDT-Framework-V3.9-UNIVERSUM_SIM\\verification\\antigravit2\\.lake\\build\\lib\\lean\\Antigravit2\\NCG\\Bimodule.olean -i C:\\Users\\badbu\\Documents\\github\\UIDT-Framework-V3.9-UNIVERSUM_SIM\\verification\\antigravit2\\.lake\\build\\lib\\lean\\Antigravit2\\NCG\\Bimodule.ilean -c C:\\Users\\badbu\\Documents\\github\\UIDT-Framework-V3.9-UNIVERSUM_SIM\\verification\\antigravit2\\.lake\\build\\ir\\Antigravit2\\NCG\\Bimodule.c --setup C:\\Users\\badbu\\Documents\\github\\UIDT-Framework-V3.9-UNIVERSUM_SIM\\verification\\antigravit2\\.lake\\build\\ir\\Antigravit2\\NCG\\Bimodule.setup.json --json",
   "level": "trace"}],
 "inputs":
 [["Antigravit2.NCG.Bimodule:deps",
   [["deps",
     [["antigravit2/Antigravit2:extraDep",
       [["@antigravit2:extraDep", "00000000000006bb"]]],
      ["imports",
       [["Mathlib.Data.Nat.Basic transitive imports (legacy)",
         "145416376e338c2f"],
        ["Mathlib.Data.Nat.Basic:importAllArts", "db5dbdbffc9e567a"]]]]],
    ["libs",
     [["import dynlibs", "00000000000006bb"],
      ["package external libraries", "00000000000006bb"],
      ["module dynlibs", "00000000000006bb"],
      ["module plugins", "00000000000006bb"]]]]],
  ["Lean 4.32.0, commit b4812ae53eea93439ad5dce5a5c26591c31cb697",
   "9f30fb205c97627b"],
  ["C:\\Users\\badbu\\Documents\\github\\UIDT-Framework-V3.9-UNIVERSUM_SIM\\verification\\antigravit2\\src\\Antigravit2\\NCG\\Bimodule.lean",
   "cf8fc517861c3269"],
  ["options", [["-DautoImplicit=false", "4a85acb881fd49d0"]]],
  ["isModule: false", "feefd2a0d3a1847e"],
  ["Module.name: Antigravit2.NCG.Bimodule", "fe0f50535aa72b7f"],
  ["Package.id?: (some antigravit2)", "4ca2ed26ad21a482"],
  ["Module.leanArgs: #[]", "00000000000006bb"]],
 "depHash": "03a17119aa98e263"}