{"synthetic": false,
 "schemaVersion": "2025-09-10",
 "outputs":
 {"o": ["e0981c69a63445a6.olean"],
  "m": false,
  "i": "bb47c7eb2cac38a2.ilean",
  "c": "d48f1eda0d09517e.c"},
 "log":
 [{"message":
   ".> LEAN_PATH=C:\\Users\\badbu\\Documents\\github\\UIDT-Framework-V3.9-UNIVERSUM_SIM\\verification\\antigravit2\\.lake\\packages\\Cli\\.lake\\build\\lib\\lean;C:\\Users\\badbu\\Documents\\github\\UIDT-Framework-V3.9-UNIVERSUM_SIM\\verification\\antigravit2\\.lake\\packages\\batteries\\.lake\\build\\lib\\lean;C:\\Users\\badbu\\Documents\\github\\UIDT-Framework-V3.9-UNIVERSUM_SIM\\verification\\antigravit2\\.lake\\packages\\Qq\\.lake\\build\\lib\\lean;C:\\Users\\badbu\\Documents\\github\\UIDT-Framework-V3.9-UNIVERSUM_SIM\\verification\\antigravit2\\.lake\\packages\\aesop\\.lake\\build\\lib\\lean;C:\\Users\\badbu\\Documents\\github\\UIDT-Framework-V3.9-UNIVERSUM_SIM\\verification\\antigravit2\\.lake\\packages\\proofwidgets\\.lake\\build\\lib\\lean;C:\\Users\\badbu\\Documents\\github\\UIDT-Framework-V3.9-UNIVERSUM_SIM\\verification\\antigravit2\\.lake\\packages\\importGraph\\.lake\\build\\lib\\lean;C:\\Users\\badbu\\Documents\\github\\UIDT-Framework-V3.9-UNIVERSUM_SIM\\verification\\antigravit2\\.lake\\packages\\LeanSearchClient\\.lake\\build\\lib\\lean;C:\\Users\\badbu\\Documents\\github\\UIDT-Framework-V3.9-UNIVERSUM_SIM\\verification\\antigravit2\\.lake\\packages\\plausible\\.lake\\build\\lib\\lean;C:\\Users\\badbu\\Documents\\github\\UIDT-Framework-V3.9-UNIVERSUM_SIM\\verification\\antigravit2\\.lake\\packages\\mathlib\\.lake\\build\\lib\\lean;C:\\Users\\badbu\\Documents\\github\\UIDT-Framework-V3.9-UNIVERSUM_SIM\\verification\\antigravit2\\.lake\\build\\lib\\lean c:\\Users\\badbu\\.elan\\toolchains\\leanprover--lean4---v4.32.0-rc1\\bin\\lean.exe C:\\Users\\badbu\\Documents\\github\\UIDT-Framework-V3.9-UNIVERSUM_SIM\\verification\\antigravit2\\Antigravit2\\NCG\\Bridge.lean -o C:\\Users\\badbu\\Documents\\github\\UIDT-Framework-V3.9-UNIVERSUM_SIM\\verification\\antigravit2\\.lake\\build\\lib\\lean\\Antigravit2\\NCG\\Bridge.olean -i C:\\Users\\badbu\\Documents\\github\\UIDT-Framework-V3.9-UNIVERSUM_SIM\\verification\\antigravit2\\.lake\\build\\lib\\lean\\Antigravit2\\NCG\\Bridge.ilean -c C:\\Users\\badbu\\Documents\\github\\UIDT-Framework-V3.9-UNIVERSUM_SIM\\verification\\antigravit2\\.lake\\build\\ir\\Antigravit2\\NCG\\Bridge.c --setup C:\\Users\\badbu\\Documents\\github\\UIDT-Framework-V3.9-UNIVERSUM_SIM\\verification\\antigravit2\\.lake\\build\\ir\\Antigravit2\\NCG\\Bridge.setup.json --json",
   "level": "trace"}],
 "inputs":
 [["Antigravit2.NCG.Bridge:deps",
   [["deps",
     [["antigravit2/Antigravit2:extraDep",
       [["@antigravit2:extraDep", "00000000000006bb"]]],
      ["imports",
       [["Antigravit2.MatrixThermo.BlockPartition transitive imports (legacy)",
         "918cde957772d97b"],
        ["Antigravit2.MatrixThermo.BlockPartition:importAllArts",
         "16bfb0d212bf29e8"],
        ["Antigravit2.NCG.SpectralTriple transitive imports (legacy)",
         "1187e416f79bd18f"],
        ["Antigravit2.NCG.SpectralTriple:importAllArts", "1ee6e52fb1380f3d"],
        ["Mathlib.Tactic transitive imports (legacy)", "5b9c9fba06cb1eed"],
        ["Mathlib.Tactic:importAllArts", "dc05a301be08a24f"]]]]],
    ["libs",
     [["import dynlibs", "00000000000006bb"],
      ["package external libraries", "00000000000006bb"],
      ["module dynlibs", "00000000000006bb"],
      ["module plugins", "00000000000006bb"]]]]],
  ["Lean 4.32.0, commit b4812ae53eea93439ad5dce5a5c26591c31cb697",
   "9f30fb205c97627b"],
  ["C:\\Users\\badbu\\Documents\\github\\UIDT-Framework-V3.9-UNIVERSUM_SIM\\verification\\antigravit2\\Antigravit2\\NCG\\Bridge.lean",
   "eb6a6f7ebc287d93"],
  ["options", [["-DautoImplicit=false", "4a85acb881fd49d0"]]],
  ["isModule: false", "feefd2a0d3a1847e"],
  ["Module.name: Antigravit2.NCG.Bridge", "d88bfd388d65909f"],
  ["Package.id?: (some antigravit2)", "4ca2ed26ad21a482"],
  ["Module.leanArgs: #[]", "00000000000006bb"]],
 "depHash": "da5f2906d046db60"}