{"synthetic": false,
 "schemaVersion": "2025-09-10",
 "outputs":
 {"o": ["fdca3623901b25a5.olean"],
  "m": false,
  "i": "c9f48976b22959db.ilean",
  "c": "446c37cf18d8002b.c"},
 "log":
 [{"message":
   ".> LEAN_PATH=C:\\Users\\badbu\\Documents\\github\\UIDT-Framework-V3.9-UNIVERSUM_SIM\\verification\\antigravit2\\.lake\\packages\\Cli\\.lake\\build\\lib\\lean;C:\\Users\\badbu\\Documents\\github\\UIDT-Framework-V3.9-UNIVERSUM_SIM\\verification\\antigravit2\\.lake\\packages\\batteries\\.lake\\build\\lib\\lean;C:\\Users\\badbu\\Documents\\github\\UIDT-Framework-V3.9-UNIVERSUM_SIM\\verification\\antigravit2\\.lake\\packages\\Qq\\.lake\\build\\lib\\lean;C:\\Users\\badbu\\Documents\\github\\UIDT-Framework-V3.9-UNIVERSUM_SIM\\verification\\antigravit2\\.lake\\packages\\aesop\\.lake\\build\\lib\\lean;C:\\Users\\badbu\\Documents\\github\\UIDT-Framework-V3.9-UNIVERSUM_SIM\\verification\\antigravit2\\.lake\\packages\\proofwidgets\\.lake\\build\\lib\\lean;C:\\Users\\badbu\\Documents\\github\\UIDT-Framework-V3.9-UNIVERSUM_SIM\\verification\\antigravit2\\.lake\\packages\\importGraph\\.lake\\build\\lib\\lean;C:\\Users\\badbu\\Documents\\github\\UIDT-Framework-V3.9-UNIVERSUM_SIM\\verification\\antigravit2\\.lake\\packages\\LeanSearchClient\\.lake\\build\\lib\\lean;C:\\Users\\badbu\\Documents\\github\\UIDT-Framework-V3.9-UNIVERSUM_SIM\\verification\\antigravit2\\.lake\\packages\\plausible\\.lake\\build\\lib\\lean;C:\\Users\\badbu\\Documents\\github\\UIDT-Framework-V3.9-UNIVERSUM_SIM\\verification\\antigravit2\\.lake\\packages\\mathlib\\.lake\\build\\lib\\lean;C:\\Users\\badbu\\Documents\\github\\UIDT-Framework-V3.9-UNIVERSUM_SIM\\verification\\antigravit2\\.lake\\build\\lib\\lean c:\\Users\\badbu\\.elan\\toolchains\\leanprover--lean4---v4.32.0-rc1\\bin\\lean.exe C:\\Users\\badbu\\Documents\\github\\UIDT-Framework-V3.9-UNIVERSUM_SIM\\verification\\antigravit2\\src\\Antigravit2\\NCG\\DeltaScale.lean -o C:\\Users\\badbu\\Documents\\github\\UIDT-Framework-V3.9-UNIVERSUM_SIM\\verification\\antigravit2\\.lake\\build\\lib\\lean\\Antigravit2\\NCG\\DeltaScale.olean -i C:\\Users\\badbu\\Documents\\github\\UIDT-Framework-V3.9-UNIVERSUM_SIM\\verification\\antigravit2\\.lake\\build\\lib\\lean\\Antigravit2\\NCG\\DeltaScale.ilean -c C:\\Users\\badbu\\Documents\\github\\UIDT-Framework-V3.9-UNIVERSUM_SIM\\verification\\antigravit2\\.lake\\build\\ir\\Antigravit2\\NCG\\DeltaScale.c --setup C:\\Users\\badbu\\Documents\\github\\UIDT-Framework-V3.9-UNIVERSUM_SIM\\verification\\antigravit2\\.lake\\build\\ir\\Antigravit2\\NCG\\DeltaScale.setup.json --json",
   "level": "trace"},
  {"message":
   "src/Antigravit2/NCG/DeltaScale.lean:24:29: Variable name `Δ` is not explicitly referenced.\n\nThe binding can be removed (if unused) or named `_` (if used implicitly).\n\nNote: This linter can be disabled with `set_option linter.unusedVariables false`",
   "level": "warning"}],
 "inputs":
 [["Antigravit2.NCG.DeltaScale:deps",
   [["deps",
     [["antigravit2/Antigravit2:extraDep",
       [["@antigravit2:extraDep", "00000000000006bb"]]],
      ["imports",
       [["Mathlib.Data.Real.Basic transitive imports (legacy)",
         "b6444535ec0fd1f5"],
        ["Mathlib.Data.Real.Basic:importAllArts", "1bc74e1b3d5d7ce9"]]]]],
    ["libs",
     [["import dynlibs", "00000000000006bb"],
      ["package external libraries", "00000000000006bb"],
      ["module dynlibs", "00000000000006bb"],
      ["module plugins", "00000000000006bb"]]]]],
  ["Lean 4.32.0, commit b4812ae53eea93439ad5dce5a5c26591c31cb697",
   "9f30fb205c97627b"],
  ["C:\\Users\\badbu\\Documents\\github\\UIDT-Framework-V3.9-UNIVERSUM_SIM\\verification\\antigravit2\\src\\Antigravit2\\NCG\\DeltaScale.lean",
   "2c0ed32cbe6fb844"],
  ["options", [["-DautoImplicit=false", "4a85acb881fd49d0"]]],
  ["isModule: false", "feefd2a0d3a1847e"],
  ["Module.name: Antigravit2.NCG.DeltaScale", "c64c46abb849c2a9"],
  ["Package.id?: (some antigravit2)", "4ca2ed26ad21a482"],
  ["Module.leanArgs: #[]", "00000000000006bb"]],
 "depHash": "1e32ede4125f57de"}